// Jest Snapshot v1, https://goo.gl/fbAQLP

exports[`LoadingIndicator matches snapshot 1`] = `
<View
  style={
    Array [
      Object {
        "alignItems": "center",
        "height": 400,
        "justifyContent": "center",
      },
    ]
  }
>
  <ActivityIndicator
    animating={true}
    color="#565656"
    hidesWhenStopped={true}
    size="large"
  />
</View>
`;
